node.exe : npm warn "src/components/
game/__tests__/PlayerStats.test.tsx"
 is being parsed as a normal 
command line argument.
No C:\Users\gusta\AppData\Roaming\np
m\npm.ps1:24 caractere:5
+     & "node$exe"  "$basedir/node_m
odules/npm/bin/npm-cli.js" $args
+     ~~~~~~~~~~~~~~~~~~~~~~~~~~~~~~
~~~~~~~~~~~~~~~~~~~~~~~~~~~~~~~~
    + CategoryInfo          : NotSp 
   ecified: (npm warn "src/c... li  
  ne argument.:String) [], Remote   
 Exception
    + FullyQualifiedErrorId : Nativ 
   eCommandError
 
npm warn Unknown cli config 
"--run". This will stop working in 
the next major version of npm.

> crash-game-frontend@0.1.0 test
> vitest src/components/game/__tests__/PlayerStats.test.tsx


[7m[1m[34m DEV [39m[22m[27m [34mv1.6.1[39m [90mC:/Users/gusta/OneDrive/├ürea de Trabalho/Vaga/fullstack-challenge/frontend[39m

 [33mÔØ»[39m src/components/game/__tests__/PlayerStats.test.tsx [2m ([22m[2m22 tests[22m [2m|[22m [31m6 failed[39m[2m)[22m[33m 303[2mms[22m[39m
[31m   [33mÔØ»[31m src/components/game/__tests__/PlayerStats.test.tsx[2m > [22mPlayerStats Component[2m > [22mWin Rate Calculation[2m > [22mshould calculate win rate correctly[39m
[31m     ÔåÆ Unable to find an element with the text: 15%. This could be because the text is broken up by multiple elements. In this case, you can provide a function for your text matcher to make your matcher more flexible.

Ignored nodes: comments, script, style
[36m<body>[31m
  [36m<div>[31m
    [36m<div[31m
      [33mclass[31m=[32m"grid grid-cols-1 md:grid-cols-2 lg:grid-cols-3 gap-4 "[31m
    [36m>[31m
      [36m<div[31m
        [33mclass[31m=[32m"p-4"[31m
      [36m>[31m
        [36m<div[31m
          [33mclass[31m=[32m"flex flex-col gap-2"[31m
        [36m>[31m
          [36m<span[31m
            [33mclass[31m=[32m"text-sm font-medium text-gray-600 dark:text-gray-400"[31m
          [36m>[31m
            [0mTotal Bets[0m
          [36m</span>[31m
          [36m<span[31m
            [33mclass[31m=[32m"text-3xl font-bold text-gray-900 dark:text-white"[31m
          [36m>[31m
            [0m10[0m
          [36m</span>[31m
        [36m</div>[31m
      [36m</div>[31m
      [36m<div[31m
        [33mclass[31m=[32m"p-4"[31m
      [36m>[31m
        [36m<div[31m
          [33mclass[31m=[32m"flex flex-col gap-2"[31m
        [36m>[31m
          [36m<span[31m
            [33mclass[31m=[32m"text-sm font-medium text-gray-600 dark:text-gray-400"[31m
          [36m>[31m
            [0mTotal Wagered[0m
          [36m</span>[31m
          [36m<span[31m
            [33mclass[31m=[32m"text-2xl font-bold text-gray-900 dark:text-white"[31m
          [36m>[31m
            [0mR$ 1.000,00[0m
          [36m</span>[31m
        [36m</div>[31m
      [36m</div>[31m
      [36m<div[31m
        [33mclass[31m=[32m"p-4"[31m
      [36m>[31m
        [36m<div[31m
          [33mclass[31m=[32m"flex flex-col gap-2"[31m
        [36m>[31m
          [36m<span[31m
            [33mclass[31m=[32m"text-sm font-medium text-gray-600 dark:text-gray-400"[31m
          [36m>[31m
            [0mTotal Won[0m
          [36m</span>[31m
          [36m<span[31m
            [33mclass[31m=[32m"text-2xl font-bold text-green-600"[31m
          [36m>[31m
            [0mR$ 1.500,00[0m
          [36m</span>[31m
        [36m</div>[31m
      [36m</div>[31m
      [36m<div[31m
        [33mclass[31m=[32m"p-4"[31m
      [36m>[31m
        [36m<div[31m
          [33mclass[31m=[32m"flex flex-col gap-2"[31m
        [36m>[31m
          [36m<span[31m
            [33mclass[31m=[32m"text-sm font-medium text-gray-600 dark:text-gray-400"[31m
          [36m>[31m
            [0mWin Rate[0m
          [36m</span>[31m
          [36m<span[31m
            [33mclass[31m=[32m"text-3xl font-bold text-gray-900 dark:text-white"[31m
          [36m>[31m
            [0m10[0m
            [0m%[0m
          [36m</span>[31m
        [36m</div>[31m
      [36m</div>[31m
      [36m<div[31m
        [33mclass[31m=[32m"p-4"[31m
      [36m>[31m
        [36m<div[31m
          [33mclass[31m=[32m"flex flex-col gap-2"[31m
        [36m>[31m
          [36m<span[31m
            [33mclass[31m=[32m"text-sm font-medium text-gray-600 dark:text-gray-400"[31m
          [36m>[31m
            [0mAvg Multiplier[0m
          [36m</span>[31m
          [36m<span[31m
            [33mclass[31m=[32m"text-3xl font-bold text-gray-900 dark:text-white"[31m
          [36m>[31m
            [0m1.50[0m
            [0mx[0m
          [36m</span>[31m
        [36m</div>[31m
      [36m</div>[31m
      [36m<div[31m
        [33mclass[31m=[32m"p-4"[31m
      [36m>[31m
        [36m<div[31m
          [33mclass[31m=[32m"flex flex-col gap-2"[31m
        [36m>[31m
          [36m<span[31m
            [33mclass[31m=[32m"text-sm font-medium text-gray-600 dark:text-gray-400"[31m
          [36m>[31m
            [0mProfit/Loss[0m
          [36m</span>[31m
          [36m<span[31m
            [33mclass[31m=[32m"text-2xl font-bold text-green-600"[31m
          [36m>[31m
            [0m+[0m
            [0mR$ 500,00[0m
          [36m</span>[31m
        [36m</div>[31m
      [36m</div>[31m
    [36m</div>[31m
  [36m</div>[31m
[36m</body>[31m[39m
[31m   [33mÔØ»[31m src/components/game/__tests__/PlayerStats.test.tsx[2m > [22mPlayerStats Component[2m > [22mWin Rate Calculation[2m > [22mshould display 100% win rate when all bets won[39m
[31m     ÔåÆ Unable to find an element with the text: 100%. This could be because the text is broken up by multiple elements. In this case, you can provide a function for your text matcher to make your matcher more flexible.

Ignored nodes: comments, script, style
[36m<body>[31m
  [36m<div>[31m
    [36m<div[31m
      [33mclass[31m=[32m"grid grid-cols-1 md:grid-cols-2 lg:grid-cols-3 gap-4 "[31m
    [36m>[31m
      [36m<div[31m
        [33mclass[31m=[32m"p-4"[31m
      [36m>[31m
        [36m<div[31m
          [33mclass[31m=[32m"flex flex-col gap-2"[31m
        [36m>[31m
          [36m<span[31m
            [33mclass[31m=[32m"text-sm font-medium text-gray-600 dark:text-gray-400"[31m
          [36m>[31m
            [0mTotal Bets[0m
          [36m</span>[31m
          [36m<span[31m
            [33mclass[31m=[32m"text-3xl font-bold text-gray-900 dark:text-white"[31m
          [36m>[31m
            [0m10[0m
          [36m</span>[31m
        [36m</div>[31m
      [36m</div>[31m
      [36m<div[31m
        [33mclass[31m=[32m"p-4"[31m
      [36m>[31m
        [36m<div[31m
          [33mclass[31m=[32m"flex flex-col gap-2"[31m
        [36m>[31m
          [36m<span[31m
            [33mclass[31m=[32m"text-sm font-medium text-gray-600 dark:text-gray-400"[31m
          [36m>[31m
            [0mTotal Wagered[0m
          [36m</span>[31m
          [36m<span[31m
            [33mclass[31m=[32m"text-2xl font-bold text-gray-900 dark:text-white"[31m
          [36m>[31m
            [0mR$ 1.000,00[0m
          [36m</span>[31m
        [36m</div>[31m
      [36m</div>[31m
      [36m<div[31m
        [33mclass[31m=[32m"p-4"[31m
      [36m>[31m
        [36m<div[31m
          [33mclass[31m=[32m"flex flex-col gap-2"[31m
        [36m>[31m
          [36m<span[31m
            [33mclass[31m=[32m"text-sm font-medium text-gray-600 dark:text-gray-400"[31m
          [36m>[31m
            [0mTotal Won[0m
          [36m</span>[31m
          [36m<span[31m
            [33mclass[31m=[32m"text-2xl font-bold text-green-600"[31m
          [36m>[31m
            [0mR$ 2.000,00[0m
          [36m</span>[31m
        [36m</div>[31m
      [36m</div>[31m
      [36m<div[31m
        [33mclass[31m=[32m"p-4"[31m
      [36m>[31m
        [36m<div[31m
          [33mclass[31m=[32m"flex flex-col gap-2"[31m
        [36m>[31m
          [36m<span[31m
            [33mclass[31m=[32m"text-sm font-medium text-gray-600 dark:text-gray-400"[31m
          [36m>[31m
            [0mWin Rate[0m
          [36m</span>[31m
          [36m<span[31m
            [33mclass[31m=[32m"text-3xl font-bold text-gray-900 dark:text-white"[31m
          [36m>[31m
            [0m20[0m
            [0m%[0m
          [36m</span>[31m
        [36m</div>[31m
      [36m</div>[31m
      [36m<div[31m
        [33mclass[31m=[32m"p-4"[31m
      [36m>[31m
        [36m<div[31m
          [33mclass[31m=[32m"flex flex-col gap-2"[31m
        [36m>[31m
          [36m<span[31m
            [33mclass[31m=[32m"text-sm font-medium text-gray-600 dark:text-gray-400"[31m
          [36m>[31m
            [0mAvg Multiplier[0m
          [36m</span>[31m
          [36m<span[31m
            [33mclass[31m=[32m"text-3xl font-bold text-gray-900 dark:text-white"[31m
          [36m>[31m
            [0m2.00[0m
            [0mx[0m
          [36m</span>[31m
        [36m</div>[31m
      [36m</div>[31m
      [36m<div[31m
        [33mclass[31m=[32m"p-4"[31m
      [36m>[31m
        [36m<div[31m
          [33mclass[31m=[32m"flex flex-col gap-2"[31m
        [36m>[31m
          [36m<span[31m
            [33mclass[31m=[32m"text-sm font-medium text-gray-600 dark:text-gray-400"[31m
          [36m>[31m
            [0mProfit/Loss[0m
          [36m</span>[31m
          [36m<span[31m
            [33mclass[31m=[32m"text-2xl font-bold text-green-600"[31m
          [36m>[31m
            [0m+[0m
            [0mR$ 1.000,00[0m
          [36m</span>[31m
        [36m</div>[31m
      [36m</div>[31m
    [36m</div>[31m
  [36m</div>[31m
[36m</body>[31m[39m
[31m   [33mÔØ»[31m src/components/game/__tests__/PlayerStats.test.tsx[2m > [22mPlayerStats Component[2m > [22mProfit/Loss Calculation[2m > [22mshould calculate profit correctly[39m
[31m     ÔåÆ Unable to find an element with the text: R$ 500,00. This could be because the text is broken up by multiple elements. In this case, you can provide a function for your text matcher to make your matcher more flexible.

Ignored nodes: comments, script, style
[36m<body>[31m
  [36m<div>[31m
    [36m<div[31m
      [33mclass[31m=[32m"grid grid-cols-1 md:grid-cols-2 lg:grid-cols-3 gap-4 "[31m
    [36m>[31m
      [36m<div[31m
        [33mclass[31m=[32m"p-4"[31m
      [36m>[31m
        [36m<div[31m
          [33mclass[31m=[32m"flex flex-col gap-2"[31m
        [36m>[31m
          [36m<span[31m
            [33mclass[31m=[32m"text-sm font-medium text-gray-600 dark:text-gray-400"[31m
          [36m>[31m
            [0mTotal Bets[0m
          [36m</span>[31m
          [36m<span[31m
            [33mclass[31m=[32m"text-3xl font-bold text-gray-900 dark:text-white"[31m
          [36m>[31m
            [0m10[0m
          [36m</span>[31m
        [36m</div>[31m
      [36m</div>[31m
      [36m<div[31m
        [33mclass[31m=[32m"p-4"[31m
      [36m>[31m
        [36m<div[31m
          [33mclass[31m=[32m"flex flex-col gap-2"[31m
        [36m>[31m
          [36m<span[31m
            [33mclass[31m=[32m"text-sm font-medium text-gray-600 dark:text-gray-400"[31m
          [36m>[31m
            [0mTotal Wagered[0m
          [36m</span>[31m
          [36m<span[31m
            [33mclass[31m=[32m"text-2xl font-bold text-gray-900 dark:text-white"[31m
          [36m>[31m
            [0mR$ 1.000,00[0m
          [36m</span>[31m
        [36m</div>[31m
      [36m</div>[31m
      [36m<div[31m
        [33mclass[31m=[32m"p-4"[31m
      [36m>[31m
        [36m<div[31m
          [33mclass[31m=[32m"flex flex-col gap-2"[31m
        [36m>[31m
          [36m<span[31m
            [33mclass[31m=[32m"text-sm font-medium text-gray-600 dark:text-gray-400"[31m
          [36m>[31m
            [0mTotal Won[0m
          [36m</span>[31m
          [36m<span[31m
            [33mclass[31m=[32m"text-2xl font-bold text-green-600"[31m
          [36m>[31m
            [0mR$ 1.500,00[0m
          [36m</span>[31m
        [36m</div>[31m
      [36m</div>[31m
      [36m<div[31m
        [33mclass[31m=[32m"p-4"[31m
      [36m>[31m
        [36m<div[31m
          [33mclass[31m=[32m"flex flex-col gap-2"[31m
        [36m>[31m
          [36m<span[31m
            [33mclass[31m=[32m"text-sm font-medium text-gray-600 dark:text-gray-400"[31m
          [36m>[31m
            [0mWin Rate[0m
          [36m</span>[31m
          [36m<span[31m
            [33mclass[31m=[32m"text-3xl font-bold text-gray-900 dark:text-white"[31m
          [36m>[31m
            [0m10[0m
            [0m%[0m
          [36m</span>[31m
        [36m</div>[31m
      [36m</div>[31m
      [36m<div[31m
        [33mclass[31m=[32m"p-4"[31m
      [36m>[31m
        [36m<div[31m
          [33mclass[31m=[32m"flex flex-col gap-2"[31m
        [36m>[31m
          [36m<span[31m
            [33mclass[31m=[32m"text-sm font-medium text-gray-600 dark:text-gray-400"[31m
          [36m>[31m
            [0mAvg Multiplier[0m
          [36m</span>[31m
          [36m<span[31m
            [33mclass[31m=[32m"text-3xl font-bold text-gray-900 dark:text-white"[31m
          [36m>[31m
            [0m1.50[0m
            [0mx[0m
          [36m</span>[31m
        [36m</div>[31m
      [36m</div>[31m
      [36m<div[31m
        [33mclass[31m=[32m"p-4"[31m
      [36m>[31m
        [36m<div[31m
          [33mclass[31m=[32m"flex flex-col gap-2"[31m
        [36m>[31m
          [36m<span[31m
            [33mclass[31m=[32m"text-sm font-medium text-gray-600 dark:text-gray-400"[31m
          [36m>[31m
            [0mProfit/Loss[0m
          [36m</span>[31m
          [36m<span[31m
            [33mclass[31m=[32m"text-2xl font-bold text-green-600"[31m
          [36m>[31m
            [0m+[0m
            [0mR$ 500,00[0m
          [36m</span>[31m
        [36m</div>[31m
      [36m</div>[31m
    [36m</div>[31m
  [36m</div>[31m
[36m</body>[31m[39m
[31m   [33mÔØ»[31m src/components/game/__tests__/PlayerStats.test.tsx[2m > [22mPlayerStats Component[2m > [22mProfit/Loss Calculation[2m > [22mshould calculate loss correctly[39m
[31m     ÔåÆ Unable to find an element with the text: -R$ 500,00. This could be because the text is broken up by multiple elements. In this case, you can provide a function for your text matcher to make your matcher more flexible.

Ignored nodes: comments, script, style
[36m<body>[31m
  [36m<div>[31m
    [36m<div[31m
      [33mclass[31m=[32m"grid grid-cols-1 md:grid-cols-2 lg:grid-cols-3 gap-4 "[31m
    [36m>[31m
      [36m<div[31m
        [33mclass[31m=[32m"p-4"[31m
      [36m>[31m
        [36m<div[31m
          [33mclass[31m=[32m"flex flex-col gap-2"[31m
        [36m>[31m
          [36m<span[31m
            [33mclass[31m=[32m"text-sm font-medium text-gray-600 dark:text-gray-400"[31m
          [36m>[31m
            [0mTotal Bets[0m
          [36m</span>[31m
          [36m<span[31m
            [33mclass[31m=[32m"text-3xl font-bold text-gray-900 dark:text-white"[31m
          [36m>[31m
            [0m10[0m
          [36m</span>[31m
        [36m</div>[31m
      [36m</div>[31m
      [36m<div[31m
        [33mclass[31m=[32m"p-4"[31m
      [36m>[31m
        [36m<div[31m
          [33mclass[31m=[32m"flex flex-col gap-2"[31m
        [36m>[31m
          [36m<span[31m
            [33mclass[31m=[32m"text-sm font-medium text-gray-600 dark:text-gray-400"[31m
          [36m>[31m
            [0mTotal Wagered[0m
          [36m</span>[31m
          [36m<span[31m
            [33mclass[31m=[32m"text-2xl font-bold text-gray-900 dark:text-white"[31m
          [36m>[31m
            [0mR$ 1.000,00[0m
          [36m</span>[31m
        [36m</div>[31m
      [36m</div>[31m
      [36m<div[31m
        [33mclass[31m=[32m"p-4"[31m
      [36m>[31m
        [36m<div[31m
          [33mclass[31m=[32m"flex flex-col gap-2"[31m
        [36m>[31m
          [36m<span[31m
            [33mclass[31m=[32m"text-sm font-medium text-gray-600 dark:text-gray-400"[31m
          [36m>[31m
            [0mTotal Won[0m
          [36m</span>[31m
          [36m<span[31m
            [33mclass[31m=[32m"text-2xl font-bold text-green-600"[31m
          [36m>[31m
            [0mR$ 500,00[0m
          [36m</span>[31m
        [36m</div>[31m
      [36m</div>[31m
      [36m<div[31m
        [33mclass[31m=[32m"p-4"[31m
      [36m>[31m
        [36m<div[31m
          [33mclass[31m=[32m"flex flex-col gap-2"[31m
        [36m>[31m
          [36m<span[31m
            [33mclass[31m=[32m"text-sm font-medium text-gray-600 dark:text-gray-400"[31m
          [36m>[31m
            [0mWin Rate[0m
          [36m</span>[31m
          [36m<span[31m
            [33mclass[31m=[32m"text-3xl font-bold text-gray-900 dark:text-white"[31m
          [36m>[31m
            [0m0[0m
            [0m%[0m
          [36m</span>[31m
        [36m</div>[31m
      [36m</div>[31m
      [36m<div[31m
        [33mclass[31m=[32m"p-4"[31m
      [36m>[31m
        [36m<div[31m
          [33mclass[31m=[32m"flex flex-col gap-2"[31m
        [36m>[31m
          [36m<span[31m
            [33mclass[31m=[32m"text-sm font-medium text-gray-600 dark:text-gray-400"[31m
          [36m>[31m
            [0mAvg Multiplier[0m
          [36m</span>[31m
          [36m<span[31m
            [33mclass[31m=[32m"text-3xl font-bold text-gray-900 dark:text-white"[31m
          [36m>[31m
            [0m0.50[0m
            [0mx[0m
          [36m</span>[31m
        [36m</div>[31m
      [36m</div>[31m
      [36m<div[31m
        [33mclass[31m=[32m"p-4"[31m
      [36m>[31m
        [36m<div[31m
          [33mclass[31m=[32m"flex flex-col gap-2"[31m
        [36m>[31m
          [36m<span[31m
            [33mclass[31m=[32m"text-sm font-medium text-gray-600 dark:text-gray-400"[31m
          [36m>[31m
            [0mProfit/Loss[0m
          [36m</span>[31m
          [36m<span[31m
            [33mclass[31m=[32m"text-2xl font-bold text-red-600"[31m
          [36m>[31m
            [0mR$ -500,00[0m
          [36m</span>[31m
        [36m</div>[31m
      [36m</div>[31m
    [36m</div>[31m
  [36m</div>[31m
[36m</body>[31m[39m
[31m   [33mÔØ»[31m src/components/game/__tests__/PlayerStats.test.tsx[2m > [22mPlayerStats Component[2m > [22mProfit/Loss Calculation[2m > [22mshould display break-even as positive[39m
[31m     ÔåÆ Unable to find an element with the text: R$ 0,00. This could be because the text is broken up by multiple elements. In this case, you can provide a function for your text matcher to make your matcher more flexible.

Ignored nodes: comments, script, style
[36m<body>[31m
  [36m<div>[31m
    [36m<div[31m
      [33mclass[31m=[32m"grid grid-cols-1 md:grid-cols-2 lg:grid-cols-3 gap-4 "[31m
    [36m>[31m
      [36m<div[31m
        [33mclass[31m=[32m"p-4"[31m
      [36m>[31m
        [36m<div[31m
          [33mclass[31m=[32m"flex flex-col gap-2"[31m
        [36m>[31m
          [36m<span[31m
            [33mclass[31m=[32m"text-sm font-medium text-gray-600 dark:text-gray-400"[31m
          [36m>[31m
            [0mTotal Bets[0m
          [36m</span>[31m
          [36m<span[31m
            [33mclass[31m=[32m"text-3xl font-bold text-gray-900 dark:text-white"[31m
          [36m>[31m
            [0m10[0m
          [36m</span>[31m
        [36m</div>[31m
      [36m</div>[31m
      [36m<div[31m
        [33mclass[31m=[32m"p-4"[31m
      [36m>[31m
        [36m<div[31m
          [33mclass[31m=[32m"flex flex-col gap-2"[31m
        [36m>[31m
          [36m<span[31m
            [33mclass[31m=[32m"text-sm font-medium text-gray-600 dark:text-gray-400"[31m
          [36m>[31m
            [0mTotal Wagered[0m
          [36m</span>[31m
          [36m<span[31m
            [33mclass[31m=[32m"text-2xl font-bold text-gray-900 dark:text-white"[31m
          [36m>[31m
            [0mR$ 1.000,00[0m
          [36m</span>[31m
        [36m</div>[31m
      [36m</div>[31m
      [36m<div[31m
        [33mclass[31m=[32m"p-4"[31m
      [36m>[31m
        [36m<div[31m
          [33mclass[31m=[32m"flex flex-col gap-2"[31m
        [36m>[31m
          [36m<span[31m
            [33mclass[31m=[32m"text-sm font-medium text-gray-600 dark:text-gray-400"[31m
          [36m>[31m
            [0mTotal Won[0m
          [36m</span>[31m
          [36m<span[31m
            [33mclass[31m=[32m"text-2xl font-bold text-green-600"[31m
          [36m>[31m
            [0mR$ 1.000,00[0m
          [36m</span>[31m
        [36m</div>[31m
      [36m</div>[31m
      [36m<div[31m
        [33mclass[31m=[32m"p-4"[31m
      [36m>[31m
        [36m<div[31m
          [33mclass[31m=[32m"flex flex-col gap-2"[31m
        [36m>[31m
          [36m<span[31m
            [33mclass[31m=[32m"text-sm font-medium text-gray-600 dark:text-gray-400"[31m
          [36m>[31m
            [0mWin Rate[0m
          [36m</span>[31m
          [36m<span[31m
            [33mclass[31m=[32m"text-3xl font-bold text-gray-900 dark:text-white"[31m
          [36m>[31m
            [0m10[0m
            [0m%[0m
          [36m</span>[31m
        [36m</div>[31m
      [36m</div>[31m
      [36m<div[31m
        [33mclass[31m=[32m"p-4"[31m
      [36m>[31m
        [36m<div[31m
          [33mclass[31m=[32m"flex flex-col gap-2"[31m
        [36m>[31m
          [36m<span[31m
            [33mclass[31m=[32m"text-sm font-medium text-gray-600 dark:text-gray-400"[31m
          [36m>[31m
            [0mAvg Multiplier[0m
          [36m</span>[31m
          [36m<span[31m
            [33mclass[31m=[32m"text-3xl font-bold text-gray-900 dark:text-white"[31m
          [36m>[31m
            [0m1.00[0m
            [0mx[0m
          [36m</span>[31m
        [36m</div>[31m
      [36m</div>[31m
      [36m<div[31m
        [33mclass[31m=[32m"p-4"[31m
      [36m>[31m
        [36m<div[31m
          [33mclass[31m=[32m"flex flex-col gap-2"[31m
        [36m>[31m
          [36m<span[31m
            [33mclass[31m=[32m"text-sm font-medium text-gray-600 dark:text-gray-400"[31m
          [36m>[31m
            [0mProfit/Loss[0m
          [36m</span>[31m
          [36m<span[31m
            [33mclass[31m=[32m"text-2xl font-bold text-green-600"[31m
          [36m>[31m
            [0m+[0m
            [0mR$ 0,00[0m
          [36m</span>[31m
        [36m</div>[31m
      [36m</div>[31m
    [36m</div>[31m
  [36m</div>[31m
[36m</body>[31m[39m
[31m   [33mÔØ»[31m src/components/game/__tests__/PlayerStats.test.tsx[2m > [22mPlayerStats Component[2m > [22mProfit/Loss Calculation[2m > [22mshould show - sign for negative profit[39m
[31m     ÔåÆ Unable to find an element with the text: -R$ 500,00. This could be because the text is broken up by multiple elements. In this case, you can provide a function for your text matcher to make your matcher more flexible.

Ignored nodes: comments, script, style
[36m<body>[31m
  [36m<div>[31m
    [36m<div[31m
      [33mclass[31m=[32m"grid grid-cols-1 md:grid-cols-2 lg:grid-cols-3 gap-4 "[31m
    [36m>[31m
      [36m<div[31m
        [33mclass[31m=[32m"p-4"[31m
      [36m>[31m
        [36m<div[31m
          [33mclass[31m=[32m"flex flex-col gap-2"[31m
        [36m>[31m
          [36m<span[31m
            [33mclass[31m=[32m"text-sm font-medium text-gray-600 dark:text-gray-400"[31m
          [36m>[31m
            [0mTotal Bets[0m
          [36m</span>[31m
          [36m<span[31m
            [33mclass[31m=[32m"text-3xl font-bold text-gray-900 dark:text-white"[31m
          [36m>[31m
            [0m10[0m
          [36m</span>[31m
        [36m</div>[31m
      [36m</div>[31m
      [36m<div[31m
        [33mclass[31m=[32m"p-4"[31m
      [36m>[31m
        [36m<div[31m
          [33mclass[31m=[32m"flex flex-col gap-2"[31m
        [36m>[31m
          [36m<span[31m
            [33mclass[31m=[32m"text-sm font-medium text-gray-600 dark:text-gray-400"[31m
          [36m>[31m
            [0mTotal Wagered[0m
          [36m</span>[31m
          [36m<span[31m
            [33mclass[31m=[32m"text-2xl font-bold text-gray-900 dark:text-white"[31m
          [36m>[31m
            [0mR$ 1.000,00[0m
          [36m</span>[31m
        [36m</div>[31m
      [36m</div>[31m
      [36m<div[31m
        [33mclass[31m=[32m"p-4"[31m
      [36m>[31m
        [36m<div[31m
          [33mclass[31m=[32m"flex flex-col gap-2"[31m
        [36m>[31m
          [36m<span[31m
            [33mclass[31m=[32m"text-sm font-medium text-gray-600 dark:text-gray-400"[31m
          [36m>[31m
            [0mTotal Won[0m
          [36m</span>[31m
          [36m<span[31m
            [33mclass[31m=[32m"text-2xl font-bold text-green-600"[31m
          [36m>[31m
            [0mR$ 500,00[0m
          [36m</span>[31m
        [36m</div>[31m
      [36m</div>[31m
      [36m<div[31m
        [33mclass[31m=[32m"p-4"[31m
      [36m>[31m
        [36m<div[31m
          [33mclass[31m=[32m"flex flex-col gap-2"[31m
        [36m>[31m
          [36m<span[31m
            [33mclass[31m=[32m"text-sm font-medium text-gray-600 dark:text-gray-400"[31m
          [36m>[31m
            [0mWin Rate[0m
          [36m</span>[31m
          [36m<span[31m
            [33mclass[31m=[32m"text-3xl font-bold text-gray-900 dark:text-white"[31m
          [36m>[31m
            [0m0[0m
            [0m%[0m
          [36m</span>[31m
        [36m</div>[31m
      [36m</div>[31m
      [36m<div[31m
        [33mclass[31m=[32m"p-4"[31m
      [36m>[31m
        [36m<div[31m
          [33mclass[31m=[32m"flex flex-col gap-2"[31m
        [36m>[31m
          [36m<span[31m
            [33mclass[31m=[32m"text-sm font-medium text-gray-600 dark:text-gray-400"[31m
          [36m>[31m
            [0mAvg Multiplier[0m
          [36m</span>[31m
          [36m<span[31m
            [33mclass[31m=[32m"text-3xl font-bold text-gray-900 dark:text-white"[31m
          [36m>[31m
            [0m0.50[0m
            [0mx[0m
          [36m</span>[31m
        [36m</div>[31m
      [36m</div>[31m
      [36m<div[31m
        [33mclass[31m=[32m"p-4"[31m
      [36m>[31m
        [36m<div[31m
          [33mclass[31m=[32m"flex flex-col gap-2"[31m
        [36m>[31m
          [36m<span[31m
            [33mclass[31m=[32m"text-sm font-medium text-gray-600 dark:text-gray-400"[31m
          [36m>[31m
            [0mProfit/Loss[0m
          [36m</span>[31m
          [36m<span[31m
            [33mclass[31m=[32m"text-2xl font-bold text-red-600"[31m
          [36m>[31m
            [0mR$ -500,00[0m
          [36m</span>[31m
        [36m</div>[31m
      [36m</div>[31m
    [36m</div>[31m
  [36m</div>[31m
[36m</body>[31m[39m

[31mÔÄ»ÔÄ»ÔÄ»ÔÄ»ÔÄ»ÔÄ»ÔÄ»[1m[7m 
Failed Tests 6 
[27m[22mÔÄ»ÔÄ»ÔÄ»ÔÄ»ÔÄ»ÔÄ»ÔÄ»[39m

[31m[1m[7m FAIL [27m[22m[39m s
rc/components/game/__tests__/PlayerS
tats.test.tsx[2m > 
[22mPlayerStats Component[2m > 
[22mWin Rate Calculation[2m > 
[22mshould calculate win rate 
correctly
[31m[1mTestingLibraryElementError
[22m: Unable to find an element 
with the text: 15%. This could be 
because the text is broken up by 
multiple elements. In this case, 
you can provide a function for your 
text matcher to make your matcher 
more flexible.

Ignored nodes: comments, script, 
style
[36m<body>[31m
  [36m<div>[31m
    [36m<div[31m
      [33mclass[31m=[32m"grid 
grid-cols-1 md:grid-cols-2 
lg:grid-cols-3 gap-4 "[31m
    [36m>[31m
      [36m<div[31m
        
[33mclass[31m=[32m"p-4"[31m
      [36m>[31m
        [36m<div[31m
          
[33mclass[31m=[32m"flex flex-col 
gap-2"[31m
        [36m>[31m
          [36m<span[31m
            
[33mclass[31m=[32m"text-sm 
font-medium text-gray-600 
dark:text-gray-400"[31m
          [36m>[31m
            [0mTotal Bets[0m
          [36m</span>[31m
          [36m<span[31m
            
[33mclass[31m=[32m"text-3xl 
font-bold text-gray-900 
dark:text-white"[31m
          [36m>[31m
            [0m10[0m
          [36m</span>[31m
        [36m</div>[31m
      [36m</div>[31m
      [36m<div[31m
        
[33mclass[31m=[32m"p-4"[31m
      [36m>[31m
        [36m<div[31m
          
[33mclass[31m=[32m"flex flex-col 
gap-2"[31m
        [36m>[31m
          [36m<span[31m
            
[33mclass[31m=[32m"text-sm 
font-medium text-gray-600 
dark:text-gray-400"[31m
          [36m>[31m
            [0mTotal Wagered[0m
          [36m</span>[31m
          [36m<span[31m
            
[33mclass[31m=[32m"text-2xl 
font-bold text-gray-900 
dark:text-white"[31m
          [36m>[31m
            [0mR$ 1.000,00[0m
          [36m</span>[31m
        [36m</div>[31m
      [36m</div>[31m
      [36m<div[31m
        
[33mclass[31m=[32m"p-4"[31m
      [36m>[31m
        [36m<div[31m
          
[33mclass[31m=[32m"flex flex-col 
gap-2"[31m
        [36m>[31m
          [36m<span[31m
            
[33mclass[31m=[32m"text-sm 
font-medium text-gray-600 
dark:text-gray-400"[31m
          [36m>[31m
            [0mTotal Won[0m
          [36m</span>[31m
          [36m<span[31m
            
[33mclass[31m=[32m"text-2xl 
font-bold text-green-600"[31m
          [36m>[31m
            [0mR$ 1.500,00[0m
          [36m</span>[31m
        [36m</div>[31m
      [36m</div>[31m
      [36m<div[31m
        
[33mclass[31m=[32m"p-4"[31m
      [36m>[31m
        [36m<div[31m
          
[33mclass[31m=[32m"flex flex-col 
gap-2"[31m
        [36m>[31m
          [36m<span[31m
            
[33mclass[31m=[32m"text-sm 
font-medium text-gray-600 
dark:text-gray-400"[31m
          [36m>[31m
            [0mWin Rate[0m
          [36m</span>[31m
          [36m<span[31m
            
[33mclass[31m=[32m"text-3xl 
font-bold text-gray-900 
dark:text-white"[31m
          [36m>[31m
            [0m10[0m
            [0m%[0m
          [36m</span>[31m
        [36m</div>[31m
      [36m</div>[31m
      [36m<div[31m
        
[33mclass[31m=[32m"p-4"[31m
      [36m>[31m
        [36m<div[31m
          
[33mclass[31m=[32m"flex flex-col 
gap-2"[31m
        [36m>[31m
          [36m<span[31m
            
[33mclass[31m=[32m"text-sm 
font-medium text-gray-600 
dark:text-gray-400"[31m
          [36m>[31m
            [0mAvg Multiplier[0m
          [36m</span>[31m
          [36m<span[31m
            
[33mclass[31m=[32m"text-3xl 
font-bold text-gray-900 
dark:text-white"[31m
          [36m>[31m
            [0m1.50[0m
            [0mx[0m
          [36m</span>[31m
        [36m</div>[31m
      [36m</div>[31m
      [36m<div[31m
        
[33mclass[31m=[32m"p-4"[31m
      [36m>[31m
        [36m<div[31m
          
[33mclass[31m=[32m"flex flex-col 
gap-2"[31m
        [36m>[31m
          [36m<span[31m
            
[33mclass[31m=[32m"text-sm 
font-medium text-gray-600 
dark:text-gray-400"[31m
          [36m>[31m
            [0mProfit/Loss[0m
          [36m</span>[31m
          [36m<span[31m
            
[33mclass[31m=[32m"text-2xl 
font-bold text-green-600"[31m
          [36m>[31m
            [0m+[0m
            [0mR$ 500,00[0m
          [36m</span>[31m
        [36m</div>[31m
      [36m</div>[31m
    [36m</div>[31m
  [36m</div>[31m
[36m</body>[31m[39m
[90m [2mÔØ»[22m 
Object.getElementError node_modules/
@testing-library/dom/dist/config.js:
[2m37:19[22m[39m
[90m [2mÔØ»[22m node_modules/@tes
ting-library/dom/dist/query-helpers.
js:[2m76:38[22m[39m
[90m [2mÔØ»[22m node_modules/@tes
ting-library/dom/dist/query-helpers.
js:[2m52:17[22m[39m
[90m [2mÔØ»[22m node_modules/@tes
ting-library/dom/dist/query-helpers.
js:[2m95:19[22m[39m
[36m [2mÔØ»[22m src/components/ga
me/__tests__/PlayerStats.test.tsx:[
2m105:21[22m[39m
    [90m103| [39m      [90m// 
Win rate = (totalWon / 
totalWagered) / totalBets * 100[39m
    [90m104| [39m      [90m// 
(150000 / 100000) / 10 * 100 = 
15%[39m
    [90m105| [39m      [34mexpect
[39m(screen[33m.[39m[34mgetByTex
t[39m([32m'15%'[39m))[33m.[39m
[34mtoBeInTheDocument[39m()[33m;[
39m
    [90m   | [39m                 
   [31m^[39m
    [90m106| [39m    })[33m;[39m
    [90m107| [39m

[31m[2mÔÄ»ÔÄ»ÔÄ»ÔÄ»ÔÄ»ÔÄ»ÔÄ»ÔÄ»ÔÄ»
ÔÄ»ÔÄ»ÔÄ»ÔÄ»ÔÄ»ÔÄ»ÔÄ»ÔÄ»ÔÄ»ÔÄ»ÔÄ»ÔÄ»
ÔÄ»ÔÄ»ÔÄ»[1/6]ÔÄ»[22m[39m

[31m[1m[7m FAIL [27m[22m[39m s
rc/components/game/__tests__/PlayerS
tats.test.tsx[2m > 
[22mPlayerStats Component[2m > 
[22mWin Rate Calculation[2m > 
[22mshould display 100% win rate 
when all bets won
[31m[1mTestingLibraryElementError
[22m: Unable to find an element 
with the text: 100%. This could be 
because the text is broken up by 
multiple elements. In this case, 
you can provide a function for your 
text matcher to make your matcher 
more flexible.

Ignored nodes: comments, script, 
style
[36m<body>[31m
  [36m<div>[31m
    [36m<div[31m
      [33mclass[31m=[32m"grid 
grid-cols-1 md:grid-cols-2 
lg:grid-cols-3 gap-4 "[31m
    [36m>[31m
      [36m<div[31m
        
[33mclass[31m=[32m"p-4"[31m
      [36m>[31m
        [36m<div[31m
          
[33mclass[31m=[32m"flex flex-col 
gap-2"[31m
        [36m>[31m
          [36m<span[31m
            
[33mclass[31m=[32m"text-sm 
font-medium text-gray-600 
dark:text-gray-400"[31m
          [36m>[31m
            [0mTotal Bets[0m
          [36m</span>[31m
          [36m<span[31m
            
[33mclass[31m=[32m"text-3xl 
font-bold text-gray-900 
dark:text-white"[31m
          [36m>[31m
            [0m10[0m
          [36m</span>[31m
        [36m</div>[31m
      [36m</div>[31m
      [36m<div[31m
        
[33mclass[31m=[32m"p-4"[31m
      [36m>[31m
        [36m<div[31m
          
[33mclass[31m=[32m"flex flex-col 
gap-2"[31m
        [36m>[31m
          [36m<span[31m
            
[33mclass[31m=[32m"text-sm 
font-medium text-gray-600 
dark:text-gray-400"[31m
          [36m>[31m
            [0mTotal Wagered[0m
          [36m</span>[31m
          [36m<span[31m
            
[33mclass[31m=[32m"text-2xl 
font-bold text-gray-900 
dark:text-white"[31m
          [36m>[31m
            [0mR$ 1.000,00[0m
          [36m</span>[31m
        [36m</div>[31m
      [36m</div>[31m
      [36m<div[31m
        
[33mclass[31m=[32m"p-4"[31m
      [36m>[31m
        [36m<div[31m
          
[33mclass[31m=[32m"flex flex-col 
gap-2"[31m
        [36m>[31m
          [36m<span[31m
            
[33mclass[31m=[32m"text-sm 
font-medium text-gray-600 
dark:text-gray-400"[31m
          [36m>[31m
            [0mTotal Won[0m
          [36m</span>[31m
          [36m<span[31m
            
[33mclass[31m=[32m"text-2xl 
font-bold text-green-600"[31m
          [36m>[31m
            [0mR$ 2.000,00[0m
          [36m</span>[31m
        [36m</div>[31m
      [36m</div>[31m
      [36m<div[31m
        
[33mclass[31m=[32m"p-4"[31m
      [36m>[31m
        [36m<div[31m
          
[33mclass[31m=[32m"flex flex-col 
gap-2"[31m
        [36m>[31m
          [36m<span[31m
            
[33mclass[31m=[32m"text-sm 
font-medium text-gray-600 
dark:text-gray-400"[31m
          [36m>[31m
            [0mWin Rate[0m
          [36m</span>[31m
          [36m<span[31m
            
[33mclass[31m=[32m"text-3xl 
font-bold text-gray-900 
dark:text-white"[31m
          [36m>[31m
            [0m20[0m
            [0m%[0m
          [36m</span>[31m
        [36m</div>[31m
      [36m</div>[31m
      [36m<div[31m
        
[33mclass[31m=[32m"p-4"[31m
      [36m>[31m
        [36m<div[31m
          
[33mclass[31m=[32m"flex flex-col 
gap-2"[31m
        [36m>[31m
          [36m<span[31m
            
[33mclass[31m=[32m"text-sm 
font-medium text-gray-600 
dark:text-gray-400"[31m
          [36m>[31m
            [0mAvg Multiplier[0m
          [36m</span>[31m
          [36m<span[31m
            
[33mclass[31m=[32m"text-3xl 
font-bold text-gray-900 
dark:text-white"[31m
          [36m>[31m
            [0m2.00[0m
            [0mx[0m
          [36m</span>[31m
        [36m</div>[31m
      [36m</div>[31m
      [36m<div[31m
        
[33mclass[31m=[32m"p-4"[31m
      [36m>[31m
        [36m<div[31m
          
[33mclass[31m=[32m"flex flex-col 
gap-2"[31m
        [36m>[31m
          [36m<span[31m
            
[33mclass[31m=[32m"text-sm 
font-medium text-gray-600 
dark:text-gray-400"[31m
          [36m>[31m
            [0mProfit/Loss[0m
          [36m</span>[31m
          [36m<span[31m
            
[33mclass[31m=[32m"text-2xl 
font-bold text-green-600"[31m
          [36m>[31m
            [0m+[0m
            [0mR$ 1.000,00[0m
          [36m</span>[31m
        [36m</div>[31m
      [36m</div>[31m
    [36m</div>[31m
  [36m</div>[31m
[36m</body>[31m[39m
[90m [2mÔØ»[22m 
Object.getElementError node_modules/
@testing-library/dom/dist/config.js:
[2m37:19[22m[39m
[90m [2mÔØ»[22m node_modules/@tes
ting-library/dom/dist/query-helpers.
js:[2m76:38[22m[39m
[90m [2mÔØ»[22m node_modules/@tes
ting-library/dom/dist/query-helpers.
js:[2m52:17[22m[39m
[90m [2mÔØ»[22m node_modules/@tes
ting-library/dom/dist/query-helpers.
js:[2m95:19[22m[39m
[36m [2mÔØ»[22m src/components/ga
me/__tests__/PlayerStats.test.tsx:[
2m144:21[22m[39m
    [90m142| [39m      
)[33m;[39m
    [90m143| [39m
    [90m144| [39m      [34mexpect
[39m(screen[33m.[39m[34mgetByTex
t[39m([32m'100%'[39m))[33m.[39m
[34mtoBeInTheDocument[39m()[33m;
[39m
    [90m   | [39m                 
   [31m^[39m
    [90m145| [39m    })[33m;[39m
    [90m146| [39m  })[33m;[39m

[31m[2mÔÄ»ÔÄ»ÔÄ»ÔÄ»ÔÄ»ÔÄ»ÔÄ»ÔÄ»ÔÄ»
ÔÄ»ÔÄ»ÔÄ»ÔÄ»ÔÄ»ÔÄ»ÔÄ»ÔÄ»ÔÄ»ÔÄ»ÔÄ»ÔÄ»
ÔÄ»ÔÄ»ÔÄ»[2/6]ÔÄ»[22m[39m

[31m[1m[7m FAIL [27m[22m[39m s
rc/components/game/__tests__/PlayerS
tats.test.tsx[2m > 
[22mPlayerStats Component[2m > 
[22mProfit/Loss Calculation[2m > 
[22mshould calculate profit 
correctly
[31m[1mTestingLibraryElementError
[22m: Unable to find an element 
with the text: R$ 500,00. This 
could be because the text is broken 
up by multiple elements. In this 
case, you can provide a function 
for your text matcher to make your 
matcher more flexible.

Ignored nodes: comments, script, 
style
[36m<body>[31m
  [36m<div>[31m
    [36m<div[31m
      [33mclass[31m=[32m"grid 
grid-cols-1 md:grid-cols-2 
lg:grid-cols-3 gap-4 "[31m
    [36m>[31m
      [36m<div[31m
        
[33mclass[31m=[32m"p-4"[31m
      [36m>[31m
        [36m<div[31m
          
[33mclass[31m=[32m"flex flex-col 
gap-2"[31m
        [36m>[31m
          [36m<span[31m
            
[33mclass[31m=[32m"text-sm 
font-medium text-gray-600 
dark:text-gray-400"[31m
          [36m>[31m
            [0mTotal Bets[0m
          [36m</span>[31m
          [36m<span[31m
            
[33mclass[31m=[32m"text-3xl 
font-bold text-gray-900 
dark:text-white"[31m
          [36m>[31m
            [0m10[0m
          [36m</span>[31m
        [36m</div>[31m
      [36m</div>[31m
      [36m<div[31m
        
[33mclass[31m=[32m"p-4"[31m
      [36m>[31m
        [36m<div[31m
          
[33mclass[31m=[32m"flex flex-col 
gap-2"[31m
        [36m>[31m
          [36m<span[31m
            
[33mclass[31m=[32m"text-sm 
font-medium text-gray-600 
dark:text-gray-400"[31m
          [36m>[31m
            [0mTotal Wagered[0m
          [36m</span>[31m
          [36m<span[31m
            
[33mclass[31m=[32m"text-2xl 
font-bold text-gray-900 
dark:text-white"[31m
          [36m>[31m
            [0mR$ 1.000,00[0m
          [36m</span>[31m
        [36m</div>[31m
      [36m</div>[31m
      [36m<div[31m
        
[33mclass[31m=[32m"p-4"[31m
      [36m>[31m
        [36m<div[31m
          
[33mclass[31m=[32m"flex flex-col 
gap-2"[31m
        [36m>[31m
          [36m<span[31m
            
[33mclass[31m=[32m"text-sm 
font-medium text-gray-600 
dark:text-gray-400"[31m
          [36m>[31m
            [0mTotal Won[0m
          [36m</span>[31m
          [36m<span[31m
            
[33mclass[31m=[32m"text-2xl 
font-bold text-green-600"[31m
          [36m>[31m
            [0mR$ 1.500,00[0m
          [36m</span>[31m
        [36m</div>[31m
      [36m</div>[31m
      [36m<div[31m
        
[33mclass[31m=[32m"p-4"[31m
      [36m>[31m
        [36m<div[31m
          
[33mclass[31m=[32m"flex flex-col 
gap-2"[31m
        [36m>[31m
          [36m<span[31m
            
[33mclass[31m=[32m"text-sm 
font-medium text-gray-600 
dark:text-gray-400"[31m
          [36m>[31m
            [0mWin Rate[0m
          [36m</span>[31m
          [36m<span[31m
            
[33mclass[31m=[32m"text-3xl 
font-bold text-gray-900 
dark:text-white"[31m
          [36m>[31m
            [0m10[0m
            [0m%[0m
          [36m</span>[31m
        [36m</div>[31m
      [36m</div>[31m
      [36m<div[31m
        
[33mclass[31m=[32m"p-4"[31m
      [36m>[31m
        [36m<div[31m
          
[33mclass[31m=[32m"flex flex-col 
gap-2"[31m
        [36m>[31m
          [36m<span[31m
            
[33mclass[31m=[32m"text-sm 
font-medium text-gray-600 
dark:text-gray-400"[31m
          [36m>[31m
            [0mAvg Multiplier[0m
          [36m</span>[31m
          [36m<span[31m
            
[33mclass[31m=[32m"text-3xl 
font-bold text-gray-900 
dark:text-white"[31m
          [36m>[31m
            [0m1.50[0m
            [0mx[0m
          [36m</span>[31m
        [36m</div>[31m
      [36m</div>[31m
      [36m<div[31m
        
[33mclass[31m=[32m"p-4"[31m
      [36m>[31m
        [36m<div[31m
          
[33mclass[31m=[32m"flex flex-col 
gap-2"[31m
        [36m>[31m
          [36m<span[31m
            
[33mclass[31m=[32m"text-sm 
font-medium text-gray-600 
dark:text-gray-400"[31m
          [36m>[31m
            [0mProfit/Loss[0m
          [36m</span>[31m
          [36m<span[31m
            
[33mclass[31m=[32m"text-2xl 
font-bold text-green-600"[31m
          [36m>[31m
            [0m+[0m
            [0mR$ 500,00[0m
          [36m</span>[31m
        [36m</div>[31m
      [36m</div>[31m
    [36m</div>[31m
  [36m</div>[31m
[36m</body>[31m[39m
[90m [2mÔØ»[22m 
Object.getElementError node_modules/
@testing-library/dom/dist/config.js:
[2m37:19[22m[39m
[90m [2mÔØ»[22m node_modules/@tes
ting-library/dom/dist/query-helpers.
js:[2m76:38[22m[39m
[90m [2mÔØ»[22m node_modules/@tes
ting-library/dom/dist/query-helpers.
js:[2m52:17[22m[39m
[90m [2mÔØ»[22m node_modules/@tes
ting-library/dom/dist/query-helpers.
js:[2m95:19[22m[39m
[36m [2mÔØ»[22m src/components/ga
me/__tests__/PlayerStats.test.tsx:[
2m160:21[22m[39m
    [90m158| [39m
    [90m159| [39m      [90m// 
Profit = totalWon - totalWagered = 
150000 - 100000 = 50000[39m
    [90m160| [39m      [34mexpect
[39m(screen[33m.[39m[34mgetByTex
t[39m([32m'R$ 500,00'[39m))[33m.
[39m[34mtoBeInTheDocument[39m()[
33m;[39m
    [90m   | [39m                 
   [31m^[39m
    [90m161| [39m    })[33m;[39m
    [90m162| [39m

[31m[2mÔÄ»ÔÄ»ÔÄ»ÔÄ»ÔÄ»ÔÄ»ÔÄ»ÔÄ»ÔÄ»
ÔÄ»ÔÄ»ÔÄ»ÔÄ»ÔÄ»ÔÄ»ÔÄ»ÔÄ»ÔÄ»ÔÄ»ÔÄ»ÔÄ»
ÔÄ»ÔÄ»ÔÄ»[3/6]ÔÄ»[22m[39m

[31m[1m[7m FAIL [27m[22m[39m s
rc/components/game/__tests__/PlayerS
tats.test.tsx[2m > 
[22mPlayerStats Component[2m > 
[22mProfit/Loss Calculation[2m > 
[22mshould calculate loss correctly
[31m[1mTestingLibraryElementError
[22m: Unable to find an element 
with the text: -R$ 500,00. This 
could be because the text is broken 
up by multiple elements. In this 
case, you can provide a function 
for your text matcher to make your 
matcher more flexible.

Ignored nodes: comments, script, 
style
[36m<body>[31m
  [36m<div>[31m
    [36m<div[31m
      [33mclass[31m=[32m"grid 
grid-cols-1 md:grid-cols-2 
lg:grid-cols-3 gap-4 "[31m
    [36m>[31m
      [36m<div[31m
        
[33mclass[31m=[32m"p-4"[31m
      [36m>[31m
        [36m<div[31m
          
[33mclass[31m=[32m"flex flex-col 
gap-2"[31m
        [36m>[31m
          [36m<span[31m
            
[33mclass[31m=[32m"text-sm 
font-medium text-gray-600 
dark:text-gray-400"[31m
          [36m>[31m
            [0mTotal Bets[0m
          [36m</span>[31m
          [36m<span[31m
            
[33mclass[31m=[32m"text-3xl 
font-bold text-gray-900 
dark:text-white"[31m
          [36m>[31m
            [0m10[0m
          [36m</span>[31m
        [36m</div>[31m
      [36m</div>[31m
      [36m<div[31m
        
[33mclass[31m=[32m"p-4"[31m
      [36m>[31m
        [36m<div[31m
          
[33mclass[31m=[32m"flex flex-col 
gap-2"[31m
        [36m>[31m
          [36m<span[31m
            
[33mclass[31m=[32m"text-sm 
font-medium text-gray-600 
dark:text-gray-400"[31m
          [36m>[31m
            [0mTotal Wagered[0m
          [36m</span>[31m
          [36m<span[31m
            
[33mclass[31m=[32m"text-2xl 
font-bold text-gray-900 
dark:text-white"[31m
          [36m>[31m
            [0mR$ 1.000,00[0m
          [36m</span>[31m
        [36m</div>[31m
      [36m</div>[31m
      [36m<div[31m
        
[33mclass[31m=[32m"p-4"[31m
      [36m>[31m
        [36m<div[31m
          
[33mclass[31m=[32m"flex flex-col 
gap-2"[31m
        [36m>[31m
          [36m<span[31m
            
[33mclass[31m=[32m"text-sm 
font-medium text-gray-600 
dark:text-gray-400"[31m
          [36m>[31m
            [0mTotal Won[0m
          [36m</span>[31m
          [36m<span[31m
            
[33mclass[31m=[32m"text-2xl 
font-bold text-green-600"[31m
          [36m>[31m
            [0mR$ 500,00[0m
          [36m</span>[31m
        [36m</div>[31m
      [36m</div>[31m
      [36m<div[31m
        
[33mclass[31m=[32m"p-4"[31m
      [36m>[31m
        [36m<div[31m
          
[33mclass[31m=[32m"flex flex-col 
gap-2"[31m
        [36m>[31m
          [36m<span[31m
            
[33mclass[31m=[32m"text-sm 
font-medium text-gray-600 
dark:text-gray-400"[31m
          [36m>[31m
            [0mWin Rate[0m
          [36m</span>[31m
          [36m<span[31m
            
[33mclass[31m=[32m"text-3xl 
font-bold text-gray-900 
dark:text-white"[31m
          [36m>[31m
            [0m0[0m
            [0m%[0m
          [36m</span>[31m
        [36m</div>[31m
      [36m</div>[31m
      [36m<div[31m
        
[33mclass[31m=[32m"p-4"[31m
      [36m>[31m
        [36m<div[31m
          
[33mclass[31m=[32m"flex flex-col 
gap-2"[31m
        [36m>[31m
          [36m<span[31m
            
[33mclass[31m=[32m"text-sm 
font-medium text-gray-600 
dark:text-gray-400"[31m
          [36m>[31m
            [0mAvg Multiplier[0m
          [36m</span>[31m
          [36m<span[31m
            
[33mclass[31m=[32m"text-3xl 
font-bold text-gray-900 
dark:text-white"[31m
          [36m>[31m
            [0m0.50[0m
            [0mx[0m
          [36m</span>[31m
        [36m</div>[31m
      [36m</div>[31m
      [36m<div[31m
        
[33mclass[31m=[32m"p-4"[31m
      [36m>[31m
        [36m<div[31m
          
[33mclass[31m=[32m"flex flex-col 
gap-2"[31m
        [36m>[31m
          [36m<span[31m
            
[33mclass[31m=[32m"text-sm 
font-medium text-gray-600 
dark:text-gray-400"[31m
          [36m>[31m
            [0mProfit/Loss[0m
          [36m</span>[31m
          [36m<span[31m
            
[33mclass[31m=[32m"text-2xl 
font-bold text-red-600"[31m
          [36m>[31m
            [0mR$ -500,00[0m
          [36m</span>[31m
        [36m</div>[31m
      [36m</div>[31m
    [36m</div>[31m
  [36m</div>[31m
[36m</body>[31m[39m
[90m [2mÔØ»[22m 
Object.getElementError node_modules/
@testing-library/dom/dist/config.js:
[2m37:19[22m[39m
[90m [2mÔØ»[22m node_modules/@tes
ting-library/dom/dist/query-helpers.
js:[2m76:38[22m[39m
[90m [2mÔØ»[22m node_modules/@tes
ting-library/dom/dist/query-helpers.
js:[2m52:17[22m[39m
[90m [2mÔØ»[22m node_modules/@tes
ting-library/dom/dist/query-helpers.
js:[2m95:19[22m[39m
[36m [2mÔØ»[22m src/components/ga
me/__tests__/PlayerStats.test.tsx:[
2m174:21[22m[39m
    [90m172| [39m
    [90m173| [39m      [90m// 
Loss = totalWon - totalWagered = 
50000 - 100000 = -50000[39m
    [90m174| [39m      [34mexpect
[39m(screen[33m.[39m[34mgetByTex
t[39m([32m'-R$ 500,00'[39m))[33m
.[39m[34mtoBeInTheDocument[39m()
[33m;[39m
    [90m   | [39m                 
   [31m^[39m
    [90m175| [39m    })[33m;[39m
    [90m176| [39m

[31m[2mÔÄ»ÔÄ»ÔÄ»ÔÄ»ÔÄ»ÔÄ»ÔÄ»ÔÄ»ÔÄ»
ÔÄ»ÔÄ»ÔÄ»ÔÄ»ÔÄ»ÔÄ»ÔÄ»ÔÄ»ÔÄ»ÔÄ»ÔÄ»ÔÄ»
ÔÄ»ÔÄ»ÔÄ»[4/6]ÔÄ»[22m[39m

[31m[1m[7m FAIL [27m[22m[39m s
rc/components/game/__tests__/PlayerS
tats.test.tsx[2m > 
[22mPlayerStats Component[2m > 
[22mProfit/Loss Calculation[2m > 
[22mshould display break-even as 
positive
[31m[1mTestingLibraryElementError
[22m: Unable to find an element 
with the text: R$ 0,00. This could 
be because the text is broken up by 
multiple elements. In this case, 
you can provide a function for your 
text matcher to make your matcher 
more flexible.

Ignored nodes: comments, script, 
style
[36m<body>[31m
  [36m<div>[31m
    [36m<div[31m
      [33mclass[31m=[32m"grid 
grid-cols-1 md:grid-cols-2 
lg:grid-cols-3 gap-4 "[31m
    [36m>[31m
      [36m<div[31m
        
[33mclass[31m=[32m"p-4"[31m
      [36m>[31m
        [36m<div[31m
          
[33mclass[31m=[32m"flex flex-col 
gap-2"[31m
        [36m>[31m
          [36m<span[31m
            
[33mclass[31m=[32m"text-sm 
font-medium text-gray-600 
dark:text-gray-400"[31m
          [36m>[31m
            [0mTotal Bets[0m
          [36m</span>[31m
          [36m<span[31m
            
[33mclass[31m=[32m"text-3xl 
font-bold text-gray-900 
dark:text-white"[31m
          [36m>[31m
            [0m10[0m
          [36m</span>[31m
        [36m</div>[31m
      [36m</div>[31m
      [36m<div[31m
        
[33mclass[31m=[32m"p-4"[31m
      [36m>[31m
        [36m<div[31m
          
[33mclass[31m=[32m"flex flex-col 
gap-2"[31m
        [36m>[31m
          [36m<span[31m
            
[33mclass[31m=[32m"text-sm 
font-medium text-gray-600 
dark:text-gray-400"[31m
          [36m>[31m
            [0mTotal Wagered[0m
          [36m</span>[31m
          [36m<span[31m
            
[33mclass[31m=[32m"text-2xl 
font-bold text-gray-900 
dark:text-white"[31m
          [36m>[31m
            [0mR$ 1.000,00[0m
          [36m</span>[31m
        [36m</div>[31m
      [36m</div>[31m
      [36m<div[31m
        
[33mclass[31m=[32m"p-4"[31m
      [36m>[31m
        [36m<div[31m
          
[33mclass[31m=[32m"flex flex-col 
gap-2"[31m
        [36m>[31m
          [36m<span[31m
            
[33mclass[31m=[32m"text-sm 
font-medium text-gray-600 
dark:text-gray-400"[31m
          [36m>[31m
            [0mTotal Won[0m
          [36m</span>[31m
          [36m<span[31m
            
[33mclass[31m=[32m"text-2xl 
font-bold text-green-600"[31m
          [36m>[31m
            [0mR$ 1.000,00[0m
          [36m</span>[31m
        [36m</div>[31m
      [36m</div>[31m
      [36m<div[31m
        
[33mclass[31m=[32m"p-4"[31m
      [36m>[31m
        [36m<div[31m
          
[33mclass[31m=[32m"flex flex-col 
gap-2"[31m
        [36m>[31m
          [36m<span[31m
            
[33mclass[31m=[32m"text-sm 
font-medium text-gray-600 
dark:text-gray-400"[31m
          [36m>[31m
            [0mWin Rate[0m
          [36m</span>[31m
          [36m<span[31m
            
[33mclass[31m=[32m"text-3xl 
font-bold text-gray-900 
dark:text-white"[31m
          [36m>[31m
            [0m10[0m
            [0m%[0m
          [36m</span>[31m
        [36m</div>[31m
      [36m</div>[31m
      [36m<div[31m
        
[33mclass[31m=[32m"p-4"[31m
      [36m>[31m
        [36m<div[31m
          
[33mclass[31m=[32m"flex flex-col 
gap-2"[31m
        [36m>[31m
          [36m<span[31m
            
[33mclass[31m=[32m"text-sm 
font-medium text-gray-600 
dark:text-gray-400"[31m
          [36m>[31m
            [0mAvg Multiplier[0m
          [36m</span>[31m
[2m Test Files [22m [1m[31m1 failed[39m[22m[90m (1)[39m
[2m      Tests [22m [1m[31m6 failed[39m[22m[2m | [22m[1m[32m16 passed[39m[22m[90m (22)[39m
[2m   Start at [22m 14:31:42
[2m   Duration [22m 4.62s[2m (transform 180ms, setup 472ms, collect 194ms, tests 303ms, environment 2.24s, prepare 951ms)[22m


[1m[7m[31m FAIL [39m[27m[22m[31m Tests failed. Watching for file changes...[39m
          [36m<span[31m
            
[33mclass[31m=[32m"text-3xl 
font-bold text-gray-900 
dark:text-white"[31m
          [36m>[31m
            [0m1.00[0m
            [0mx[0m
          [36m</span>[31m
        [36m</div>[31m
      [36m</div>[31m
      [36m<div[31m
        
[33mclass[31m=[32m"p-4"[31m
      [36m>[31m
        [36m<div[31m
          
[33mclass[31m=[32m"flex flex-col 
gap-2"[31m
        [36m>[31m
          [36m<span[31m
            
[33mclass[31m=[32m"text-sm 
font-medium text-gray-600 
dark:text-gray-400"[31m
          [36m>[31m
            [0mProfit/Loss[0m
          [36m</span>[31m
          [36m<span[31m
            
[33mclass[31m=[32m"text-2xl 
font-bold text-green-600"[31m
          [36m>[31m
            [0m+[0m
            [0mR$ 0,00[0m
          [36m</span>[31m
        [36m</div>[31m
      [36m</div>[31m
    [36m</div>[31m
  [36m</div>[31m
[36m</body>[31m[39m
[90m [2mÔØ»[22m 
Object.getElementError node_modules/
@testing-library/dom/dist/config.js:
[2m37:19[22m[39m
[90m [2mÔØ»[22m node_modules/@tes
ting-library/dom/dist/query-helpers.
js:[2m76:38[22m[39m
[90m [2mÔØ»[22m node_modules/@tes
ting-library/dom/dist/query-helpers.
js:[2m52:17[22m[39m
[90m [2mÔØ»[22m node_modules/@tes
ting-library/dom/dist/query-helpers.
js:[2m95:19[22m[39m
[36m [2mÔØ»[22m src/components/ga
me/__tests__/PlayerStats.test.tsx:[
2m187:21[22m[39m
    [90m185| [39m      
)[33m;[39m
    [90m186| [39m
    [90m187| [39m      [34mexpect
[39m(screen[33m.[39m[34mgetByTex
t[39m([32m'R$ 0,00'[39m))[33m.[
39m[34mtoBeInTheDocument[39m()[33
m;[39m
    [90m   | [39m                 
   [31m^[39m
    [90m188| [39m    })[33m;[39m
    [90m189| [39m

[31m[2mÔÄ»ÔÄ»ÔÄ»ÔÄ»ÔÄ»ÔÄ»ÔÄ»ÔÄ»ÔÄ»
ÔÄ»ÔÄ»ÔÄ»ÔÄ»ÔÄ»ÔÄ»ÔÄ»ÔÄ»ÔÄ»ÔÄ»ÔÄ»ÔÄ»
ÔÄ»ÔÄ»ÔÄ»[5/6]ÔÄ»[22m[39m

[31m[1m[7m FAIL [27m[22m[39m s
rc/components/game/__tests__/PlayerS
tats.test.tsx[2m > 
[22mPlayerStats Component[2m > 
[22mProfit/Loss Calculation[2m > 
[22mshould show - sign for 
negative profit
[31m[1mTestingLibraryElementError
[22m: Unable to find an element 
with the text: -R$ 500,00. This 
could be because the text is broken 
up by multiple elements. In this 
case, you can provide a function 
for your text matcher to make your 
matcher more flexible.

Ignored nodes: comments, script, 
style
[36m<body>[31m
  [36m<div>[31m
    [36m<div[31m
      [33mclass[31m=[32m"grid 
grid-cols-1 md:grid-cols-2 
lg:grid-cols-3 gap-4 "[31m
    [36m>[31m
      [36m<div[31m
        
[33mclass[31m=[32m"p-4"[31m
      [36m>[31m
        [36m<div[31m
          
[33mclass[31m=[32m"flex flex-col 
gap-2"[31m
        [36m>[31m
          [36m<span[31m
            
[33mclass[31m=[32m"text-sm 
font-medium text-gray-600 
dark:text-gray-400"[31m
          [36m>[31m
            [0mTotal Bets[0m
          [36m</span>[31m
          [36m<span[31m
            
[33mclass[31m=[32m"text-3xl 
font-bold text-gray-900 
dark:text-white"[31m
          [36m>[31m
            [0m10[0m
          [36m</span>[31m
        [36m</div>[31m
      [36m</div>[31m
      [36m<div[31m
        
[33mclass[31m=[32m"p-4"[31m
      [36m>[31m
        [36m<div[31m
          
[33mclass[31m=[32m"flex flex-col 
gap-2"[31m
        [36m>[31m
          [36m<span[31m
            
[33mclass[31m=[32m"text-sm 
font-medium text-gray-600 
dark:text-gray-400"[31m
          [36m>[31m
            [0mTotal Wagered[0m
          [36m</span>[31m
          [36m<span[31m
            
[33mclass[31m=[32m"text-2xl 
font-bold text-gray-900 
dark:text-white"[31m
          [36m>[31m
            [0mR$ 1.000,00[0m
          [36m</span>[31m
        [36m</div>[31m
      [36m</div>[31m
      [36m<div[31m
        
[33mclass[31m=[32m"p-4"[31m
      [36m>[31m
        [36m<div[31m
          
[33mclass[31m=[32m"flex flex-col 
gap-2"[31m
        [36m>[31m
          [36m<span[31m
            
[33mclass[31m=[32m"text-sm 
font-medium text-gray-600 
dark:text-gray-400"[31m
          [36m>[31m
            [0mTotal Won[0m
          [36m</span>[31m
          [36m<span[31m
            
[33mclass[31m=[32m"text-2xl 
font-bold text-green-600"[31m
          [36m>[31m
            [0mR$ 500,00[0m
          [36m</span>[31m
        [36m</div>[31m
      [36m</div>[31m
      [36m<div[31m
        
[33mclass[31m=[32m"p-4"[31m
      [36m>[31m
        [36m<div[31m
          
[33mclass[31m=[32m"flex flex-col 
gap-2"[31m
        [36m>[31m
          [36m<span[31m
            
[33mclass[31m=[32m"text-sm 
font-medium text-gray-600 
dark:text-gray-400"[31m
          [36m>[31m
            [0mWin Rate[0m
          [36m</span>[31m
          [36m<span[31m
            
[33mclass[31m=[32m"text-3xl 
font-bold text-gray-900 
dark:text-white"[31m
          [36m>[31m
            [0m0[0m
            [0m%[0m
          [36m</span>[31m
        [36m</div>[31m
       [2mpress [22m[1mh[22m[2m to show help[22m[2m, [22m[2mpress [22m[1mq[22m[2m to quit[22m
      [36m</div>[31m
      [36m<div[31m
        
[33mclass[31m=[32m"p-4"[31m
      [36m>[31m
        [36m<div[31m
          
[33mclass[31m=[32m"flex flex-col 
gap-2"[31m
        [36m>[31m
          [36m<span[31m
            
[33mclass[31m=[32m"text-sm 
font-medium text-gray-600 
dark:text-gray-400"[31m
          [36m>[31m
            [0mAvg Multiplier[0m
          [36m</span>[31m
          [36m<span[31m
            
[33mclass[31m=[32m"text-3xl 
font-bold text-gray-900 
dark:text-white"[31m
          [36m>[31m
            [0m0.50[0m
            [0mx[0m
          [36m</span>[31m
        [36m</div>[31m
      [36m</div>[31m
      [36m<div[31m
        
[33mclass[31m=[32m"p-4"[31m
      [36m>[31m
        [36m<div[31m
          
[33mclass[31m=[32m"flex flex-col 
gap-2"[31m
        [36m>[31m
          [36m<span[31m
            
[33mclass[31m=[32m"text-sm 
font-medium text-gray-600 
dark:text-gray-400"[31m
          [36m>[31m
            [0mProfit/Loss[0m
          [36m</span>[31m
          [36m<span[31m
            
[33mclass[31m=[32m"text-2xl 
font-bold text-red-600"[31m
          [36m>[31m
            [0mR$ -500,00[0m
          [36m</span>[31m
        [36m</div>[31m
      [36m</div>[31m
    [36m</div>[31m
  [36m</div>[31m
[36m</body>[31m[39m
[90m [2mÔØ»[22m 
Object.getElementError node_modules/
@testing-library/dom/dist/config.js:
[2m37:19[22m[39m
[90m [2mÔØ»[22m node_modules/@tes
ting-library/dom/dist/query-helpers.
js:[2m76:38[22m[39m
[90m [2mÔØ»[22m node_modules/@tes
ting-library/dom/dist/query-helpers.
js:[2m52:17[22m[39m
[90m [2mÔØ»[22m node_modules/@tes
ting-library/dom/dist/query-helpers.
js:[2m95:19[22m[39m
[36m [2mÔØ»[22m src/components/ga
me/__tests__/PlayerStats.test.tsx:[
2m214:34[22m[39m
    [90m212| [39m      
)[33m;[39m
    [90m213| [39m
    [90m214| [39m      
[35mconst[39m lossElement 
[33m=[39m screen[33m.[39m[34mge
tByText[39m([32m'-R$ 
500,00'[39m)[33m;[39m
    [90m   | [39m                 
                [31m^[39m
    [90m215| [39m      [34mexpect
[39m(lossElement)[33m.[39m[34mto
BeInTheDocument[39m()[33m;[39m
    [90m216| [39m    })[33m;[39m

[31m[2mÔÄ»ÔÄ»ÔÄ»ÔÄ»ÔÄ»ÔÄ»ÔÄ»ÔÄ»ÔÄ»
ÔÄ»ÔÄ»ÔÄ»ÔÄ»ÔÄ»ÔÄ»ÔÄ»ÔÄ»ÔÄ»ÔÄ»ÔÄ»ÔÄ»
ÔÄ»ÔÄ»ÔÄ»[6/6]ÔÄ»[22m[39m

[31mCancelling test run. Press CTRL+c again to exit forcefully.
[39m
npm error Lifecycle script `test` 
failed with error:
npm error code 130
npm error path 
C:\Users\gusta\OneDrive\├ürea de Tra
balho\Vaga\fullstack-challenge\front
end
npm error workspace 
crash-game-frontend@0.1.0
npm error location 
C:\Users\gusta\OneDrive\├ürea de Tra
balho\Vaga\fullstack-challenge\front
end
npm error command failed
npm error command 
C:\WINDOWS\system32\cmd.exe /d /s 
/c vitest src/components/game/__test
s__/PlayerStats.test.tsx
